 
****************************************
Report : cell
Design : UART
Version: G-2012.06-SP2
Date   : Mon Nov 19 01:14:24 2018
****************************************

Attributes:
    b - black box (unknown)
    h - hierarchical
    n - noncombinational
    r - removable
    u - contains unmapped logic

Cell                      Reference       Library             Area  Attributes
--------------------------------------------------------------------------------
U3                        OR3_X1          NangateOpenCellLibrary_ss0p95vn40c
                                                          1.330000  
U4                        OR3_X1          NangateOpenCellLibrary_ss0p95vn40c
                                                          1.330000  
U5                        NAND2_X1        NangateOpenCellLibrary_ss0p95vn40c
                                                          0.798000  
U6                        NAND2_X1        NangateOpenCellLibrary_ss0p95vn40c
                                                          0.798000  
U7                        INV_X1          NangateOpenCellLibrary_ss0p95vn40c
                                                          0.532000  
U8                        INV_X1          NangateOpenCellLibrary_ss0p95vn40c
                                                          0.532000  
U9                        INV_X1          NangateOpenCellLibrary_ss0p95vn40c
                                                          0.532000  
U10                       INV_X1          NangateOpenCellLibrary_ss0p95vn40c
                                                          0.532000  
U11                       INV_X1          NangateOpenCellLibrary_ss0p95vn40c
                                                          0.532000  
U12                       INV_X1          NangateOpenCellLibrary_ss0p95vn40c
                                                          0.532000  
U13                       NOR2_X1         NangateOpenCellLibrary_ss0p95vn40c
                                                          0.798000  
U14                       AND2_X1         NangateOpenCellLibrary_ss0p95vn40c
                                                          1.064000  
U15                       NAND2_X1        NangateOpenCellLibrary_ss0p95vn40c
                                                          0.798000  
U16                       INV_X1          NangateOpenCellLibrary_ss0p95vn40c
                                                          0.532000  
U17                       OR2_X1          NangateOpenCellLibrary_ss0p95vn40c
                                                          1.064000  
U18                       INV_X1          NangateOpenCellLibrary_ss0p95vn40c
                                                          0.532000  
U19                       NAND2_X1        NangateOpenCellLibrary_ss0p95vn40c
                                                          0.798000  
U20                       INV_X1          NangateOpenCellLibrary_ss0p95vn40c
                                                          0.532000  
U21                       NAND2_X1        NangateOpenCellLibrary_ss0p95vn40c
                                                          0.798000  
U22                       INV_X1          NangateOpenCellLibrary_ss0p95vn40c
                                                          0.532000  
U23                       INV_X1          NangateOpenCellLibrary_ss0p95vn40c
                                                          0.532000  
U24                       INV_X1          NangateOpenCellLibrary_ss0p95vn40c
                                                          0.532000  
U25                       INV_X1          NangateOpenCellLibrary_ss0p95vn40c
                                                          0.532000  
U26                       NAND2_X1        NangateOpenCellLibrary_ss0p95vn40c
                                                          0.798000  
U27                       INV_X1          NangateOpenCellLibrary_ss0p95vn40c
                                                          0.532000  
U28                       INV_X1          NangateOpenCellLibrary_ss0p95vn40c
                                                          0.532000  
U29                       INV_X1          NangateOpenCellLibrary_ss0p95vn40c
                                                          0.532000  
U30                       NAND2_X1        NangateOpenCellLibrary_ss0p95vn40c
                                                          0.798000  
U31                       NAND2_X1        NangateOpenCellLibrary_ss0p95vn40c
                                                          0.798000  
U32                       NAND2_X1        NangateOpenCellLibrary_ss0p95vn40c
                                                          0.798000  
U33                       INV_X1          NangateOpenCellLibrary_ss0p95vn40c
                                                          0.532000  
U34                       INV_X1          NangateOpenCellLibrary_ss0p95vn40c
                                                          0.532000  
U35                       AOI211_X1       NangateOpenCellLibrary_ss0p95vn40c
                                                          1.330000  
U36                       NAND2_X1        NangateOpenCellLibrary_ss0p95vn40c
                                                          0.798000  
U37                       NAND3_X1        NangateOpenCellLibrary_ss0p95vn40c
                                                          1.064000  
U38                       AOI211_X1       NangateOpenCellLibrary_ss0p95vn40c
                                                          1.330000  
U39                       NAND2_X1        NangateOpenCellLibrary_ss0p95vn40c
                                                          0.798000  
U40                       NAND3_X1        NangateOpenCellLibrary_ss0p95vn40c
                                                          1.064000  
U41                       NOR2_X1         NangateOpenCellLibrary_ss0p95vn40c
                                                          0.798000  
U42                       NOR2_X1         NangateOpenCellLibrary_ss0p95vn40c
                                                          0.798000  
U43                       AOI21_X1        NangateOpenCellLibrary_ss0p95vn40c
                                                          1.064000  
U44                       NAND4_X1        NangateOpenCellLibrary_ss0p95vn40c
                                                          1.330000  
U45                       OAI21_X1        NangateOpenCellLibrary_ss0p95vn40c
                                                          1.064000  
U46                       INV_X1          NangateOpenCellLibrary_ss0p95vn40c
                                                          0.532000  
U47                       AOI21_X1        NangateOpenCellLibrary_ss0p95vn40c
                                                          1.064000  
U48                       NAND4_X1        NangateOpenCellLibrary_ss0p95vn40c
                                                          1.330000  
U49                       OAI21_X1        NangateOpenCellLibrary_ss0p95vn40c
                                                          1.064000  
U50                       INV_X1          NangateOpenCellLibrary_ss0p95vn40c
                                                          0.532000  
U51                       AND2_X1         NangateOpenCellLibrary_ss0p95vn40c
                                                          1.064000  
U52                       AND2_X1         NangateOpenCellLibrary_ss0p95vn40c
                                                          1.064000  
U53                       OAI22_X1        NangateOpenCellLibrary_ss0p95vn40c
                                                          1.330000  
U54                       INV_X1          NangateOpenCellLibrary_ss0p95vn40c
                                                          0.532000  
U55                       AND2_X1         NangateOpenCellLibrary_ss0p95vn40c
                                                          1.064000  
U56                       OAI22_X1        NangateOpenCellLibrary_ss0p95vn40c
                                                          1.330000  
U57                       INV_X1          NangateOpenCellLibrary_ss0p95vn40c
                                                          0.532000  
U58                       NOR2_X1         NangateOpenCellLibrary_ss0p95vn40c
                                                          0.798000  
U59                       NOR2_X1         NangateOpenCellLibrary_ss0p95vn40c
                                                          0.798000  
U60                       NAND4_X1        NangateOpenCellLibrary_ss0p95vn40c
                                                          1.330000  
U61                       NAND4_X1        NangateOpenCellLibrary_ss0p95vn40c
                                                          1.330000  
U62                       XNOR2_X1        NangateOpenCellLibrary_ss0p95vn40c
                                                          1.596000  
U63                       XNOR2_X1        NangateOpenCellLibrary_ss0p95vn40c
                                                          1.596000  
U64                       XNOR2_X1        NangateOpenCellLibrary_ss0p95vn40c
                                                          1.596000  
U65                       XNOR2_X1        NangateOpenCellLibrary_ss0p95vn40c
                                                          1.596000  
U66                       XNOR2_X1        NangateOpenCellLibrary_ss0p95vn40c
                                                          1.596000  
U67                       XNOR2_X1        NangateOpenCellLibrary_ss0p95vn40c
                                                          1.596000  
U68                       NAND3_X1        NangateOpenCellLibrary_ss0p95vn40c
                                                          1.064000  
U69                       NOR2_X1         NangateOpenCellLibrary_ss0p95vn40c
                                                          0.798000  
U70                       NOR2_X1         NangateOpenCellLibrary_ss0p95vn40c
                                                          0.798000  
U71                       NAND3_X1        NangateOpenCellLibrary_ss0p95vn40c
                                                          1.064000  
U72                       NOR3_X1         NangateOpenCellLibrary_ss0p95vn40c
                                                          1.064000  
U73                       NOR3_X1         NangateOpenCellLibrary_ss0p95vn40c
                                                          1.064000  
U74                       NOR2_X1         NangateOpenCellLibrary_ss0p95vn40c
                                                          0.798000  
U75                       NAND3_X1        NangateOpenCellLibrary_ss0p95vn40c
                                                          1.064000  
U76                       NAND2_X1        NangateOpenCellLibrary_ss0p95vn40c
                                                          0.798000  
U77                       OAI22_X1        NangateOpenCellLibrary_ss0p95vn40c
                                                          1.330000  
U78                       AOI222_X1       NangateOpenCellLibrary_ss0p95vn40c
                                                          2.128000  
U79                       AOI222_X1       NangateOpenCellLibrary_ss0p95vn40c
                                                          2.128000  
U80                       NAND2_X1        NangateOpenCellLibrary_ss0p95vn40c
                                                          0.798000  
U81                       OAI22_X1        NangateOpenCellLibrary_ss0p95vn40c
                                                          1.330000  
U82                       AOI21_X1        NangateOpenCellLibrary_ss0p95vn40c
                                                          1.064000  
U83                       AOI22_X1        NangateOpenCellLibrary_ss0p95vn40c
                                                          1.330000  
U84                       NOR2_X1         NangateOpenCellLibrary_ss0p95vn40c
                                                          0.798000  
U85                       NOR2_X1         NangateOpenCellLibrary_ss0p95vn40c
                                                          0.798000  
U86                       NAND3_X1        NangateOpenCellLibrary_ss0p95vn40c
                                                          1.064000  
U87                       AOI21_X1        NangateOpenCellLibrary_ss0p95vn40c
                                                          1.064000  
U88                       AOI21_X1        NangateOpenCellLibrary_ss0p95vn40c
                                                          1.064000  
U89                       OAI21_X1        NangateOpenCellLibrary_ss0p95vn40c
                                                          1.064000  
U90                       NAND3_X1        NangateOpenCellLibrary_ss0p95vn40c
                                                          1.064000  
U91                       OAI21_X1        NangateOpenCellLibrary_ss0p95vn40c
                                                          1.064000  
U92                       NAND2_X1        NangateOpenCellLibrary_ss0p95vn40c
                                                          0.798000  
U93                       NAND2_X1        NangateOpenCellLibrary_ss0p95vn40c
                                                          0.798000  
U94                       OAI22_X1        NangateOpenCellLibrary_ss0p95vn40c
                                                          1.330000  
U95                       INV_X1          NangateOpenCellLibrary_ss0p95vn40c
                                                          0.532000  
U96                       AND2_X1         NangateOpenCellLibrary_ss0p95vn40c
                                                          1.064000  
U97                       OAI22_X1        NangateOpenCellLibrary_ss0p95vn40c
                                                          1.330000  
U98                       INV_X1          NangateOpenCellLibrary_ss0p95vn40c
                                                          0.532000  
U99                       AND2_X1         NangateOpenCellLibrary_ss0p95vn40c
                                                          1.064000  
U100                      OAI22_X1        NangateOpenCellLibrary_ss0p95vn40c
                                                          1.330000  
U101                      NOR2_X1         NangateOpenCellLibrary_ss0p95vn40c
                                                          0.798000  
U102                      OAI22_X1        NangateOpenCellLibrary_ss0p95vn40c
                                                          1.330000  
U103                      NOR2_X1         NangateOpenCellLibrary_ss0p95vn40c
                                                          0.798000  
U104                      NAND3_X1        NangateOpenCellLibrary_ss0p95vn40c
                                                          1.064000  
U105                      NOR2_X1         NangateOpenCellLibrary_ss0p95vn40c
                                                          0.798000  
U106                      NOR2_X1         NangateOpenCellLibrary_ss0p95vn40c
                                                          0.798000  
U107                      NAND2_X1        NangateOpenCellLibrary_ss0p95vn40c
                                                          0.798000  
U108                      NAND3_X1        NangateOpenCellLibrary_ss0p95vn40c
                                                          1.064000  
U109                      NAND2_X1        NangateOpenCellLibrary_ss0p95vn40c
                                                          0.798000  
U110                      OAI22_X1        NangateOpenCellLibrary_ss0p95vn40c
                                                          1.330000  
U111                      NAND3_X1        NangateOpenCellLibrary_ss0p95vn40c
                                                          1.064000  
U112                      OAI22_X1        NangateOpenCellLibrary_ss0p95vn40c
                                                          1.330000  
U113                      OAI22_X1        NangateOpenCellLibrary_ss0p95vn40c
                                                          1.330000  
U114                      INV_X1          NangateOpenCellLibrary_ss0p95vn40c
                                                          0.532000  
U115                      NAND2_X1        NangateOpenCellLibrary_ss0p95vn40c
                                                          0.798000  
U116                      OAI22_X1        NangateOpenCellLibrary_ss0p95vn40c
                                                          1.330000  
U117                      OAI21_X1        NangateOpenCellLibrary_ss0p95vn40c
                                                          1.064000  
U118                      OAI22_X1        NangateOpenCellLibrary_ss0p95vn40c
                                                          1.330000  
U119                      OAI22_X1        NangateOpenCellLibrary_ss0p95vn40c
                                                          1.330000  
U120                      OAI22_X1        NangateOpenCellLibrary_ss0p95vn40c
                                                          1.330000  
U121                      OAI22_X1        NangateOpenCellLibrary_ss0p95vn40c
                                                          1.330000  
U122                      OAI22_X1        NangateOpenCellLibrary_ss0p95vn40c
                                                          1.330000  
U123                      OAI22_X1        NangateOpenCellLibrary_ss0p95vn40c
                                                          1.330000  
U124                      OAI22_X1        NangateOpenCellLibrary_ss0p95vn40c
                                                          1.330000  
U125                      OAI22_X1        NangateOpenCellLibrary_ss0p95vn40c
                                                          1.330000  
U126                      INV_X1          NangateOpenCellLibrary_ss0p95vn40c
                                                          0.532000  
U127                      OAI22_X1        NangateOpenCellLibrary_ss0p95vn40c
                                                          1.330000  
U128                      OAI22_X1        NangateOpenCellLibrary_ss0p95vn40c
                                                          1.330000  
U129                      OAI22_X1        NangateOpenCellLibrary_ss0p95vn40c
                                                          1.330000  
U130                      INV_X1          NangateOpenCellLibrary_ss0p95vn40c
                                                          0.532000  
U131                      AOI21_X1        NangateOpenCellLibrary_ss0p95vn40c
                                                          1.064000  
U132                      OAI22_X1        NangateOpenCellLibrary_ss0p95vn40c
                                                          1.330000  
U133                      INV_X1          NangateOpenCellLibrary_ss0p95vn40c
                                                          0.532000  
U134                      AOI21_X1        NangateOpenCellLibrary_ss0p95vn40c
                                                          1.064000  
U135                      OAI22_X1        NangateOpenCellLibrary_ss0p95vn40c
                                                          1.330000  
U136                      INV_X1          NangateOpenCellLibrary_ss0p95vn40c
                                                          0.532000  
U137                      AOI21_X1        NangateOpenCellLibrary_ss0p95vn40c
                                                          1.064000  
U138                      OAI22_X1        NangateOpenCellLibrary_ss0p95vn40c
                                                          1.330000  
U139                      INV_X1          NangateOpenCellLibrary_ss0p95vn40c
                                                          0.532000  
U140                      AOI21_X1        NangateOpenCellLibrary_ss0p95vn40c
                                                          1.064000  
U141                      NOR2_X1         NangateOpenCellLibrary_ss0p95vn40c
                                                          0.798000  
U142                      OAI22_X1        NangateOpenCellLibrary_ss0p95vn40c
                                                          1.330000  
U143                      NAND2_X1        NangateOpenCellLibrary_ss0p95vn40c
                                                          0.798000  
U144                      NAND2_X1        NangateOpenCellLibrary_ss0p95vn40c
                                                          0.798000  
U145                      OAI22_X1        NangateOpenCellLibrary_ss0p95vn40c
                                                          1.330000  
U146                      AOI21_X1        NangateOpenCellLibrary_ss0p95vn40c
                                                          1.064000  
U147                      INV_X1          NangateOpenCellLibrary_ss0p95vn40c
                                                          0.532000  
U148                      NAND4_X1        NangateOpenCellLibrary_ss0p95vn40c
                                                          1.330000  
U149                      OAI22_X1        NangateOpenCellLibrary_ss0p95vn40c
                                                          1.330000  
U150                      AOI21_X1        NangateOpenCellLibrary_ss0p95vn40c
                                                          1.064000  
U151                      INV_X1          NangateOpenCellLibrary_ss0p95vn40c
                                                          0.532000  
U152                      NAND3_X1        NangateOpenCellLibrary_ss0p95vn40c
                                                          1.064000  
U153                      OAI22_X1        NangateOpenCellLibrary_ss0p95vn40c
                                                          1.330000  
U154                      INV_X1          NangateOpenCellLibrary_ss0p95vn40c
                                                          0.532000  
U155                      NOR2_X1         NangateOpenCellLibrary_ss0p95vn40c
                                                          0.798000  
U156                      AOI22_X1        NangateOpenCellLibrary_ss0p95vn40c
                                                          1.330000  
U157                      OAI22_X1        NangateOpenCellLibrary_ss0p95vn40c
                                                          1.330000  
U158                      INV_X1          NangateOpenCellLibrary_ss0p95vn40c
                                                          0.532000  
U159                      OAI21_X1        NangateOpenCellLibrary_ss0p95vn40c
                                                          1.064000  
U160                      NAND2_X1        NangateOpenCellLibrary_ss0p95vn40c
                                                          0.798000  
U161                      OAI22_X1        NangateOpenCellLibrary_ss0p95vn40c
                                                          1.330000  
U162                      INV_X1          NangateOpenCellLibrary_ss0p95vn40c
                                                          0.532000  
U163                      OAI21_X1        NangateOpenCellLibrary_ss0p95vn40c
                                                          1.064000  
U164                      NAND2_X1        NangateOpenCellLibrary_ss0p95vn40c
                                                          0.798000  
U165                      OAI22_X1        NangateOpenCellLibrary_ss0p95vn40c
                                                          1.330000  
U166                      INV_X1          NangateOpenCellLibrary_ss0p95vn40c
                                                          0.532000  
U167                      OAI21_X1        NangateOpenCellLibrary_ss0p95vn40c
                                                          1.064000  
U168                      NAND2_X1        NangateOpenCellLibrary_ss0p95vn40c
                                                          0.798000  
U169                      OAI22_X1        NangateOpenCellLibrary_ss0p95vn40c
                                                          1.330000  
U170                      INV_X1          NangateOpenCellLibrary_ss0p95vn40c
                                                          0.532000  
U171                      OAI21_X1        NangateOpenCellLibrary_ss0p95vn40c
                                                          1.064000  
U172                      NAND2_X1        NangateOpenCellLibrary_ss0p95vn40c
                                                          0.798000  
U173                      OAI22_X1        NangateOpenCellLibrary_ss0p95vn40c
                                                          1.330000  
U174                      INV_X1          NangateOpenCellLibrary_ss0p95vn40c
                                                          0.532000  
U175                      OAI21_X1        NangateOpenCellLibrary_ss0p95vn40c
                                                          1.064000  
U176                      NAND2_X1        NangateOpenCellLibrary_ss0p95vn40c
                                                          0.798000  
U177                      OAI22_X1        NangateOpenCellLibrary_ss0p95vn40c
                                                          1.330000  
U178                      INV_X1          NangateOpenCellLibrary_ss0p95vn40c
                                                          0.532000  
U179                      OAI21_X1        NangateOpenCellLibrary_ss0p95vn40c
                                                          1.064000  
U180                      OAI22_X1        NangateOpenCellLibrary_ss0p95vn40c
                                                          1.330000  
U181                      INV_X1          NangateOpenCellLibrary_ss0p95vn40c
                                                          0.532000  
U182                      NAND2_X1        NangateOpenCellLibrary_ss0p95vn40c
                                                          0.798000  
U183                      OAI22_X1        NangateOpenCellLibrary_ss0p95vn40c
                                                          1.330000  
U184                      OAI21_X1        NangateOpenCellLibrary_ss0p95vn40c
                                                          1.064000  
U185                      XNOR2_X1        NangateOpenCellLibrary_ss0p95vn40c
                                                          1.596000  
U186                      XNOR2_X1        NangateOpenCellLibrary_ss0p95vn40c
                                                          1.596000  
U187                      OAI21_X1        NangateOpenCellLibrary_ss0p95vn40c
                                                          1.064000  
U188                      NAND3_X1        NangateOpenCellLibrary_ss0p95vn40c
                                                          1.064000  
U189                      AOI22_X1        NangateOpenCellLibrary_ss0p95vn40c
                                                          1.330000  
U190                      NAND3_X1        NangateOpenCellLibrary_ss0p95vn40c
                                                          1.064000  
U191                      OAI21_X1        NangateOpenCellLibrary_ss0p95vn40c
                                                          1.064000  
U192                      NAND2_X1        NangateOpenCellLibrary_ss0p95vn40c
                                                          0.798000  
U193                      OAI21_X1        NangateOpenCellLibrary_ss0p95vn40c
                                                          1.064000  
U194                      NAND2_X1        NangateOpenCellLibrary_ss0p95vn40c
                                                          0.798000  
U195                      OAI21_X1        NangateOpenCellLibrary_ss0p95vn40c
                                                          1.064000  
U196                      NAND2_X1        NangateOpenCellLibrary_ss0p95vn40c
                                                          0.798000  
U197                      OAI21_X1        NangateOpenCellLibrary_ss0p95vn40c
                                                          1.064000  
U198                      NAND2_X1        NangateOpenCellLibrary_ss0p95vn40c
                                                          0.798000  
U199                      OAI21_X1        NangateOpenCellLibrary_ss0p95vn40c
                                                          1.064000  
U200                      NAND2_X1        NangateOpenCellLibrary_ss0p95vn40c
                                                          0.798000  
U201                      OAI21_X1        NangateOpenCellLibrary_ss0p95vn40c
                                                          1.064000  
U202                      NAND2_X1        NangateOpenCellLibrary_ss0p95vn40c
                                                          0.798000  
U203                      OAI21_X1        NangateOpenCellLibrary_ss0p95vn40c
                                                          1.064000  
U204                      NAND2_X1        NangateOpenCellLibrary_ss0p95vn40c
                                                          0.798000  
U205                      OAI21_X1        NangateOpenCellLibrary_ss0p95vn40c
                                                          1.064000  
U206                      NAND2_X1        NangateOpenCellLibrary_ss0p95vn40c
                                                          0.798000  
U207                      NAND2_X1        NangateOpenCellLibrary_ss0p95vn40c
                                                          0.798000  
U208                      OAI21_X1        NangateOpenCellLibrary_ss0p95vn40c
                                                          1.064000  
U209                      NAND2_X1        NangateOpenCellLibrary_ss0p95vn40c
                                                          0.798000  
U210                      OAI21_X1        NangateOpenCellLibrary_ss0p95vn40c
                                                          1.064000  
U211                      NAND2_X1        NangateOpenCellLibrary_ss0p95vn40c
                                                          0.798000  
U212                      OAI21_X1        NangateOpenCellLibrary_ss0p95vn40c
                                                          1.064000  
U213                      NAND2_X1        NangateOpenCellLibrary_ss0p95vn40c
                                                          0.798000  
U214                      OAI21_X1        NangateOpenCellLibrary_ss0p95vn40c
                                                          1.064000  
U215                      NAND2_X1        NangateOpenCellLibrary_ss0p95vn40c
                                                          0.798000  
U216                      OAI21_X1        NangateOpenCellLibrary_ss0p95vn40c
                                                          1.064000  
U217                      NAND2_X1        NangateOpenCellLibrary_ss0p95vn40c
                                                          0.798000  
U218                      OAI21_X1        NangateOpenCellLibrary_ss0p95vn40c
                                                          1.064000  
U219                      NAND2_X1        NangateOpenCellLibrary_ss0p95vn40c
                                                          0.798000  
U220                      OAI21_X1        NangateOpenCellLibrary_ss0p95vn40c
                                                          1.064000  
U221                      NAND2_X1        NangateOpenCellLibrary_ss0p95vn40c
                                                          0.798000  
U222                      OAI21_X1        NangateOpenCellLibrary_ss0p95vn40c
                                                          1.064000  
U223                      NAND2_X1        NangateOpenCellLibrary_ss0p95vn40c
                                                          0.798000  
U224                      OAI21_X1        NangateOpenCellLibrary_ss0p95vn40c
                                                          1.064000  
U225                      AOI21_X1        NangateOpenCellLibrary_ss0p95vn40c
                                                          1.064000  
U226                      NAND4_X1        NangateOpenCellLibrary_ss0p95vn40c
                                                          1.330000  
U227                      INV_X1          NangateOpenCellLibrary_ss0p95vn40c
                                                          0.532000  
U228                      OAI21_X1        NangateOpenCellLibrary_ss0p95vn40c
                                                          1.064000  
U229                      AOI21_X1        NangateOpenCellLibrary_ss0p95vn40c
                                                          1.064000  
U230                      NAND4_X1        NangateOpenCellLibrary_ss0p95vn40c
                                                          1.330000  
U231                      OAI21_X1        NangateOpenCellLibrary_ss0p95vn40c
                                                          1.064000  
U232                      OAI21_X1        NangateOpenCellLibrary_ss0p95vn40c
                                                          1.064000  
U233                      NAND2_X1        NangateOpenCellLibrary_ss0p95vn40c
                                                          0.798000  
U234                      NAND2_X1        NangateOpenCellLibrary_ss0p95vn40c
                                                          0.798000  
U235                      INV_X1          NangateOpenCellLibrary_ss0p95vn40c
                                                          0.532000  
U236                      INV_X1          NangateOpenCellLibrary_ss0p95vn40c
                                                          0.532000  
U237                      INV_X1          NangateOpenCellLibrary_ss0p95vn40c
                                                          0.532000  
U238                      INV_X1          NangateOpenCellLibrary_ss0p95vn40c
                                                          0.532000  
U239                      NAND3_X1        NangateOpenCellLibrary_ss0p95vn40c
                                                          1.064000  
U240                      AND2_X1         NangateOpenCellLibrary_ss0p95vn40c
                                                          1.064000  
U241                      AND2_X1         NangateOpenCellLibrary_ss0p95vn40c
                                                          1.064000  
U242                      AND2_X1         NangateOpenCellLibrary_ss0p95vn40c
                                                          1.064000  
U243                      AND2_X1         NangateOpenCellLibrary_ss0p95vn40c
                                                          1.064000  
U244                      AND2_X1         NangateOpenCellLibrary_ss0p95vn40c
                                                          1.064000  
U245                      AND2_X1         NangateOpenCellLibrary_ss0p95vn40c
                                                          1.064000  
U246                      AND2_X1         NangateOpenCellLibrary_ss0p95vn40c
                                                          1.064000  
U247                      AND2_X1         NangateOpenCellLibrary_ss0p95vn40c
                                                          1.064000  
U248                      AND2_X1         NangateOpenCellLibrary_ss0p95vn40c
                                                          1.064000  
U249                      AND2_X1         NangateOpenCellLibrary_ss0p95vn40c
                                                          1.064000  
U250                      AND2_X1         NangateOpenCellLibrary_ss0p95vn40c
                                                          1.064000  
U251                      AND2_X1         NangateOpenCellLibrary_ss0p95vn40c
                                                          1.064000  
U252                      AND2_X1         NangateOpenCellLibrary_ss0p95vn40c
                                                          1.064000  
U253                      AND2_X1         NangateOpenCellLibrary_ss0p95vn40c
                                                          1.064000  
U254                      AND2_X1         NangateOpenCellLibrary_ss0p95vn40c
                                                          1.064000  
U255                      AND2_X1         NangateOpenCellLibrary_ss0p95vn40c
                                                          1.064000  
U256                      AND2_X1         NangateOpenCellLibrary_ss0p95vn40c
                                                          1.064000  
U257                      INV_X1          NangateOpenCellLibrary_ss0p95vn40c
                                                          0.532000  
U258                      BUF_X1          NangateOpenCellLibrary_ss0p95vn40c
                                                          0.798000  
U259                      BUF_X1          NangateOpenCellLibrary_ss0p95vn40c
                                                          0.798000  
U260                      BUF_X1          NangateOpenCellLibrary_ss0p95vn40c
                                                          0.798000  
U261                      BUF_X1          NangateOpenCellLibrary_ss0p95vn40c
                                                          0.798000  
U262                      BUF_X1          NangateOpenCellLibrary_ss0p95vn40c
                                                          0.798000  
U263                      XOR2_X1         NangateOpenCellLibrary_ss0p95vn40c
                                                          1.596000  
U264                      XOR2_X1         NangateOpenCellLibrary_ss0p95vn40c
                                                          1.596000  
U265                      XOR2_X1         NangateOpenCellLibrary_ss0p95vn40c
                                                          1.596000  
U266                      XOR2_X1         NangateOpenCellLibrary_ss0p95vn40c
                                                          1.596000  
dp1/d1/q_reg[0]           DLH_X1          NangateOpenCellLibrary_ss0p95vn40c
                                                          2.660000  n
dp1/d1/q_reg[2]           DLH_X1          NangateOpenCellLibrary_ss0p95vn40c
                                                          2.660000  n
dp1/d1/q_reg[3]           DLH_X1          NangateOpenCellLibrary_ss0p95vn40c
                                                          2.660000  n
dp1/d1/q_reg[4]           DLH_X1          NangateOpenCellLibrary_ss0p95vn40c
                                                          2.660000  n
dp1/d1/q_reg[5]           DLH_X1          NangateOpenCellLibrary_ss0p95vn40c
                                                          2.660000  n
dp1/d1/q_reg[6]           DLH_X1          NangateOpenCellLibrary_ss0p95vn40c
                                                          2.660000  n
dp1/d1/q_reg[7]           DLH_X1          NangateOpenCellLibrary_ss0p95vn40c
                                                          2.660000  n
dp2/d1/q_reg[0]           DLH_X1          NangateOpenCellLibrary_ss0p95vn40c
                                                          2.660000  n
dp2/d1/q_reg[1]           DLH_X1          NangateOpenCellLibrary_ss0p95vn40c
                                                          2.660000  n
dp2/d1/q_reg[2]           DLH_X1          NangateOpenCellLibrary_ss0p95vn40c
                                                          2.660000  n
dp2/d1/q_reg[3]           DLH_X1          NangateOpenCellLibrary_ss0p95vn40c
                                                          2.660000  n
dp2/d1/q_reg[4]           DLH_X1          NangateOpenCellLibrary_ss0p95vn40c
                                                          2.660000  n
dp2/d1/q_reg[5]           DLH_X1          NangateOpenCellLibrary_ss0p95vn40c
                                                          2.660000  n
dp2/d1/q_reg[6]           DLH_X1          NangateOpenCellLibrary_ss0p95vn40c
                                                          2.660000  n
dp2/d1/q_reg[7]           DLH_X1          NangateOpenCellLibrary_ss0p95vn40c
                                                          2.660000  n
rx/U109                   OAI33_X1        NangateOpenCellLibrary_ss0p95vn40c
                                                          1.862000  
rx/next_rstate_reg[0]     DFF_X1          NangateOpenCellLibrary_ss0p95vn40c
                                                          4.522000  n
rx/next_rstate_reg[1]     DFF_X1          NangateOpenCellLibrary_ss0p95vn40c
                                                          4.522000  n
rx/next_rstate_reg[2]     DFF_X1          NangateOpenCellLibrary_ss0p95vn40c
                                                          4.522000  n
rx/rcount_reg[0]          DFF_X1          NangateOpenCellLibrary_ss0p95vn40c
                                                          4.522000  n
rx/rcount_reg[1]          DFF_X1          NangateOpenCellLibrary_ss0p95vn40c
                                                          4.522000  n
rx/rcount_reg[2]          DFF_X1          NangateOpenCellLibrary_ss0p95vn40c
                                                          4.522000  n
rx/rcount_reg[3]          DFF_X1          NangateOpenCellLibrary_ss0p95vn40c
                                                          4.522000  n
rx/rstate_reg[0]          DFF_X1          NangateOpenCellLibrary_ss0p95vn40c
                                                          4.522000  n
rx/rstate_reg[1]          DFF_X1          NangateOpenCellLibrary_ss0p95vn40c
                                                          4.522000  n
rx/rstate_reg[2]          DFF_X1          NangateOpenCellLibrary_ss0p95vn40c
                                                          4.522000  n
rx/rstate_reg[3]          DFF_X1          NangateOpenCellLibrary_ss0p95vn40c
                                                          4.522000  n
rx/rtmpout_reg[2]         DFF_X1          NangateOpenCellLibrary_ss0p95vn40c
                                                          4.522000  n
rx/rtmpout_reg[3]         DFF_X1          NangateOpenCellLibrary_ss0p95vn40c
                                                          4.522000  n
rx/rtmpout_reg[4]         DFF_X1          NangateOpenCellLibrary_ss0p95vn40c
                                                          4.522000  n
rx/rtmpout_reg[5]         DFF_X1          NangateOpenCellLibrary_ss0p95vn40c
                                                          4.522000  n
rx/rtmpout_reg[6]         DFF_X1          NangateOpenCellLibrary_ss0p95vn40c
                                                          4.522000  n
rx/rtmpout_reg[7]         DFF_X1          NangateOpenCellLibrary_ss0p95vn40c
                                                          4.522000  n
rx/rx_busy_reg            DFF_X1          NangateOpenCellLibrary_ss0p95vn40c
                                                          4.522000  n
rx/rx_done_reg            DFF_X1          NangateOpenCellLibrary_ss0p95vn40c
                                                          4.522000  n
rx/rx_error_reg           DFF_X1          NangateOpenCellLibrary_ss0p95vn40c
                                                          4.522000  n
rx/rx_idle_reg            DFF_X1          NangateOpenCellLibrary_ss0p95vn40c
                                                          4.522000  n
rx/rx_out_reg[0]          DFF_X1          NangateOpenCellLibrary_ss0p95vn40c
                                                          4.522000  n
rx/rx_out_reg[1]          DFF_X1          NangateOpenCellLibrary_ss0p95vn40c
                                                          4.522000  n
rx/rx_out_reg[2]          DFF_X1          NangateOpenCellLibrary_ss0p95vn40c
                                                          4.522000  n
rx/rx_out_reg[3]          DFF_X1          NangateOpenCellLibrary_ss0p95vn40c
                                                          4.522000  n
rx/rx_out_reg[4]          DFF_X1          NangateOpenCellLibrary_ss0p95vn40c
                                                          4.522000  n
rx/rx_out_reg[5]          DFF_X1          NangateOpenCellLibrary_ss0p95vn40c
                                                          4.522000  n
rx/rx_out_reg[6]          DFF_X1          NangateOpenCellLibrary_ss0p95vn40c
                                                          4.522000  n
rx/rx_out_reg[7]          DFF_X1          NangateOpenCellLibrary_ss0p95vn40c
                                                          4.522000  n
tx/U109                   OAI33_X1        NangateOpenCellLibrary_ss0p95vn40c
                                                          1.862000  
tx/next_tstate_reg[0]     DFF_X1          NangateOpenCellLibrary_ss0p95vn40c
                                                          4.522000  n
tx/next_tstate_reg[1]     DFF_X1          NangateOpenCellLibrary_ss0p95vn40c
                                                          4.522000  n
tx/next_tstate_reg[2]     DFF_X1          NangateOpenCellLibrary_ss0p95vn40c
                                                          4.522000  n
tx/tcount_reg[0]          DFF_X1          NangateOpenCellLibrary_ss0p95vn40c
                                                          4.522000  n
tx/tcount_reg[1]          DFF_X1          NangateOpenCellLibrary_ss0p95vn40c
                                                          4.522000  n
tx/tcount_reg[2]          DFF_X1          NangateOpenCellLibrary_ss0p95vn40c
                                                          4.522000  n
tx/tcount_reg[3]          DFF_X1          NangateOpenCellLibrary_ss0p95vn40c
                                                          4.522000  n
tx/tstate_reg[0]          DFF_X1          NangateOpenCellLibrary_ss0p95vn40c
                                                          4.522000  n
tx/tstate_reg[1]          DFF_X1          NangateOpenCellLibrary_ss0p95vn40c
                                                          4.522000  n
tx/tstate_reg[2]          DFF_X1          NangateOpenCellLibrary_ss0p95vn40c
                                                          4.522000  n
tx/tstate_reg[3]          DFF_X1          NangateOpenCellLibrary_ss0p95vn40c
                                                          4.522000  n
tx/ttmpout_reg[2]         DFF_X1          NangateOpenCellLibrary_ss0p95vn40c
                                                          4.522000  n
tx/ttmpout_reg[3]         DFF_X1          NangateOpenCellLibrary_ss0p95vn40c
                                                          4.522000  n
tx/ttmpout_reg[4]         DFF_X1          NangateOpenCellLibrary_ss0p95vn40c
                                                          4.522000  n
tx/ttmpout_reg[5]         DFF_X1          NangateOpenCellLibrary_ss0p95vn40c
                                                          4.522000  n
tx/ttmpout_reg[6]         DFF_X1          NangateOpenCellLibrary_ss0p95vn40c
                                                          4.522000  n
tx/ttmpout_reg[7]         DFF_X1          NangateOpenCellLibrary_ss0p95vn40c
                                                          4.522000  n
tx/tx_busy_reg            DFF_X1          NangateOpenCellLibrary_ss0p95vn40c
                                                          4.522000  n
tx/tx_done_reg            DFF_X1          NangateOpenCellLibrary_ss0p95vn40c
                                                          4.522000  n
tx/tx_error_reg           DFF_X1          NangateOpenCellLibrary_ss0p95vn40c
                                                          4.522000  n
tx/tx_idle_reg            DFF_X1          NangateOpenCellLibrary_ss0p95vn40c
                                                          4.522000  n
tx/tx_out_reg[0]          DFF_X1          NangateOpenCellLibrary_ss0p95vn40c
                                                          4.522000  n
tx/tx_out_reg[1]          DFF_X1          NangateOpenCellLibrary_ss0p95vn40c
                                                          4.522000  n
tx/tx_out_reg[2]          DFF_X1          NangateOpenCellLibrary_ss0p95vn40c
                                                          4.522000  n
tx/tx_out_reg[3]          DFF_X1          NangateOpenCellLibrary_ss0p95vn40c
                                                          4.522000  n
tx/tx_out_reg[4]          DFF_X1          NangateOpenCellLibrary_ss0p95vn40c
                                                          4.522000  n
tx/tx_out_reg[5]          DFF_X1          NangateOpenCellLibrary_ss0p95vn40c
                                                          4.522000  n
tx/tx_out_reg[6]          DFF_X1          NangateOpenCellLibrary_ss0p95vn40c
                                                          4.522000  n
tx/tx_out_reg[7]          DFF_X1          NangateOpenCellLibrary_ss0p95vn40c
                                                          4.522000  n
--------------------------------------------------------------------------------
Total 339 cells                                           567.111993
1
